# Лог сервиса на сервере за 21.08.2026, ~10:40. Прислал администратор по обращению №1.
INFO:     127.0.0.1:39702 - "GET /devices HTTP/1.1" 200 OK
INFO:     127.0.0.1:39716 - "GET /devices/2 HTTP/1.1" 200 OK
INFO:     127.0.0.1:39724 - "GET /tickets?status=open HTTP/1.1" 200 OK
INFO:     127.0.0.1:39730 - "POST /tickets HTTP/1.1" 422 Unprocessable Entity
INFO:     127.0.0.1:39742 - "GET /report/summary HTTP/1.1" 200 OK
INFO:     127.0.0.1:39752 - "GET /devices/6 HTTP/1.1" 500 Internal Server Error
ERROR:    Exception in ASGI application
Traceback (most recent call last):
  File "/opt/kodex-devices/.venv/lib/python3.11/site-packages/uvicorn/protocols/http/h11_impl.py", line 416, in run_asgi
    result = await app(  # type: ignore[func-returns-value]
             ^^^^^^^^^^^^^^^^^^^^^^^^^^^^^^^^^^^^^^^^^^^^^^
  File "/opt/kodex-devices/.venv/lib/python3.11/site-packages/uvicorn/middleware/proxy_headers.py", line 63, in __call__
    return await self.app(scope, receive, send)
           ^^^^^^^^^^^^^^^^^^^^^^^^^^^^^^^^^^^^
  File "/opt/kodex-devices/.venv/lib/python3.11/site-packages/fastapi/applications.py", line 1163, in __call__
    await super().__call__(scope, receive, send)
  File "/opt/kodex-devices/.venv/lib/python3.11/site-packages/starlette/applications.py", line 96, in __call__
    await self.middleware_stack(scope, receive, send)
  File "/opt/kodex-devices/.venv/lib/python3.11/site-packages/starlette/middleware/errors.py", line 186, in __call__
    raise exc
  File "/opt/kodex-devices/.venv/lib/python3.11/site-packages/starlette/middleware/errors.py", line 164, in __call__
    await self.app(scope, receive, _send)
  File "/opt/kodex-devices/.venv/lib/python3.11/site-packages/starlette/middleware/exceptions.py", line 63, in __call__
    await wrap_app_handling_exceptions(self.app, conn)(scope, receive, send)
  File "/opt/kodex-devices/.venv/lib/python3.11/site-packages/starlette/_exception_handler.py", line 53, in wrapped_app
    raise exc
  File "/opt/kodex-devices/.venv/lib/python3.11/site-packages/starlette/_exception_handler.py", line 42, in wrapped_app
    await app(scope, receive, sender)
  File "/opt/kodex-devices/.venv/lib/python3.11/site-packages/fastapi/middleware/asyncexitstack.py", line 18, in __call__
    await self.app(scope, receive, send)
  File "/opt/kodex-devices/.venv/lib/python3.11/site-packages/starlette/routing.py", line 670, in __call__
    await self.middleware_stack(scope, receive, send)
  File "/opt/kodex-devices/.venv/lib/python3.11/site-packages/fastapi/routing.py", line 2734, in app
    await route.handle(scope, receive, send)
  File "/opt/kodex-devices/.venv/lib/python3.11/site-packages/fastapi/routing.py", line 1281, in handle
    await super().handle(scope, receive, send)
  File "/opt/kodex-devices/.venv/lib/python3.11/site-packages/starlette/routing.py", line 280, in handle
    await self.app(scope, receive, send)
  File "/opt/kodex-devices/.venv/lib/python3.11/site-packages/fastapi/routing.py", line 158, in app
    await wrap_app_handling_exceptions(app, request)(scope, receive, send)
  File "/opt/kodex-devices/.venv/lib/python3.11/site-packages/starlette/_exception_handler.py", line 53, in wrapped_app
    raise exc
  File "/opt/kodex-devices/.venv/lib/python3.11/site-packages/starlette/_exception_handler.py", line 42, in wrapped_app
    await app(scope, receive, sender)
  File "/opt/kodex-devices/.venv/lib/python3.11/site-packages/fastapi/routing.py", line 144, in app
    response = await f(request)
               ^^^^^^^^^^^^^^^^
  File "/opt/kodex-devices/.venv/lib/python3.11/site-packages/fastapi/routing.py", line 706, in app
    raw_response = await run_endpoint_function(
                   ^^^^^^^^^^^^^^^^^^^^^^^^^^^^
  File "/opt/kodex-devices/.venv/lib/python3.11/site-packages/fastapi/routing.py", line 354, in run_endpoint_function
    return await run_in_threadpool(dependant.call, **values)
           ^^^^^^^^^^^^^^^^^^^^^^^^^^^^^^^^^^^^^^^^^^^^^^^^^
  File "/opt/kodex-devices/.venv/lib/python3.11/site-packages/starlette/concurrency.py", line 34, in run_in_threadpool
    return await anyio.to_thread.run_sync(func)
           ^^^^^^^^^^^^^^^^^^^^^^^^^^^^^^^^^^^^
  File "/opt/kodex-devices/.venv/lib/python3.11/site-packages/anyio/to_thread.py", line 65, in run_sync
    return await get_async_backend().run_sync_in_worker_thread(
           ^^^^^^^^^^^^^^^^^^^^^^^^^^^^^^^^^^^^^^^^^^^^^^^^^^^^
  File "/opt/kodex-devices/.venv/lib/python3.11/site-packages/anyio/_backends/_asyncio.py", line 2641, in run_sync_in_worker_thread
    return await future
           ^^^^^^^^^^^^
  File "/opt/kodex-devices/.venv/lib/python3.11/site-packages/anyio/_backends/_asyncio.py", line 1033, in run
    result = context.run(func, *args)
             ^^^^^^^^^^^^^^^^^^^^^^^^
  File "/opt/kodex-devices/app/main.py", line 65, in get_device
    result = device_to_dict(row)
             ^^^^^^^^^^^^^^^^^^^
  File "/opt/kodex-devices/app/main.py", line 37, in device_to_dict
    "last_seen": fmt_ts(row["last_seen"]),
                 ^^^^^^^^^^^^^^^^^^^^^^^^
  File "/opt/kodex-devices/app/main.py", line 27, in fmt_ts
    return value[:16].replace("T", " ")
           ~~~~~^^^^^
TypeError: 'NoneType' object is not subscriptable
INFO:     127.0.0.1:39766 - "GET /devices/5 HTTP/1.1" 200 OK
INFO:     Shutting down
